Summary of file(s): *.html
File extensions: .html

/index.html:
# AskYourCode
### The intelligent rubber ducky!


