Summary of file(s): /app*.php
File extensions: .php

/app/Beta.php:
  Classes: Beta
  Usages: fillable table


/app/Client.php:
  Functions: projects
  Classes: Client
  Usages: fillable hidden table this


/app/Credential.php:
  Classes: Credential
  Usages: fillable hidden


/app/Project.php:
  Functions: client credentials isMember isOwner members tasks totalWeight uploads
  Classes: Project
  Usages: fillable hidden this


/app/Projectuser.php:
  Classes: Projectuser
  Usages: fillable hidden table


/app/Task.php:
  Functions: project
  Classes: Task
  Usages: fillable hidden this


/app/Upload.php:
  Functions: project user
  Classes: Upload
  Usages: fillable this


/app/User.php:
  Functions: clients get_gravatar inProjects projects tasks weight
  Classes: User
  Usages: atts email fillable hidden img key result table this url val


Relevant subdirectories:
  Http: 100%
  Providers: 15%
  Console: 10%
  Events: 5%
  Exceptions: 5%
  Helpers: 5%
  Jobs: 5%
