Summary of file(s): *.md
File extensions: .md

/readme.md:
# Ribbbon
# Features
# Get involved
# Installation


