File extensions: .py

Python: /models.py
  Functions: chatgpt gpt gpt_usage
  Methods: completions_with_backoff
  Variables and usages: ChatCompletion OpenAIError api_base api_key backend backoff choice completion_tokens cost create error expo extend format getenv kwargs max_tokens messages model on_exception openai outputs print prompt prompt_tokens stop temperature

Python: /run.py
  Functions: get_proposals get_samples get_value get_values get_votes naive_solve parse_args run solve
  Variables and usages: ArgumentParser ValueError accs action add_argument append argparse args array backend cache_value chain choice choices cnt_any cnt_avg cot_prompt_wrap default dirname dump exist_ok file functools get_input get_task gpt_usage indent info infos itertools json local_value_cache logs makedirs method_evaluate method_generate method_select model models n_evaluate_sample n_generate_sample n_select_sample naive_run new_ys numpy open partial path print prompt prompt_sample proposals propose_prompt propose_prompt_wrap random range required reverse samples select_id select_ids select_new_ys size sorted sorted_new_ys sorted_values split standard_prompt_wrap step steps stop stops task task_end_index task_file_path task_start_index tasks temperature test_output to_print tolist type update value value_cache value_outputs value_outputs_unwrap value_prompt value_prompt_wrap values vote_outputs vote_outputs_unwrap vote_prompt vote_prompt_wrap

Python: /prompts/crosswords.py
  Variables and usages: cot_prompt propose_prompt standard_prompt value_prompt

Python: /prompts/game24.py
  Variables and usages: cot_prompt propose_prompt standard_prompt value_last_step_prompt value_prompt

Python: /prompts/text.py
  Variables and usages: compare_prompt cot_prompt score_prompt standard_prompt vote_prompt

Python: /tasks/__init__.py
  Functions: get_task
  Variables and usages: Game24Task MiniCrosswordsTask NotImplementedError TextTask crosswords file game24 name text

Python: /tasks/base.py
  Classes: Task
  Methods: __init__ __len__ get_input test_output
  Variables and usages: DATA_PATH output

Python: /tasks/crosswords.py
  Classes: MiniCrosswordsEnv MiniCrosswordsTask
  Methods: __init__ __len__ cot_prompt_wrap evaluate get_ans get_input prompt_status propose_outputs_unwrap propose_prompt_wrap render render_ans render_board render_clues render_gt_ans render_gt_board reset set_status standard_prompt_wrap step test_output
  Variables and usages: DATA_PATH Task action ans_gt append base board board_gt cache cache_proposals confidence_to_value cot_prompt count crosswords data enumerate file format group index info input items join json letter letters line lines load lower match models n_evaluate_sample n_max_propose new_ans new_letter open output outputs parts pattern print prompt prompt_status_cache prompts proposal proposals proposals_to_scores propose_prompt r_all r_letter r_word range reverse score sorted split standard_prompt startswith staticmethod status steps strip tasks times upper value_prompt word

Python: /tasks/game24.py
  Functions: get_current_numbers
  Classes: Game24Task
  Methods: __init__ __len__ cot_prompt_wrap get_input propose_prompt_wrap standard_prompt_wrap test_output value_outputs_unwrap value_prompt_wrap
  Variables and usages: DATA_PATH Exception Task answer base cot_prompt count current_numbers data expression file findall format game24 input items join last_line lower name numbers output pandas path problem_numbers prompt prompts propose_prompt read_csv replace simplify sorted split standard_prompt staticmethod steps stops strip sympy tasks value value_cache value_last_step_prompt value_map value_names value_outputs value_prompt

Python: /tasks/text.py
  Classes: TextTask
  Methods: __init__ __len__ compare_output_unwrap compare_prompt_wrap cot_prompt_wrap get_input standard_prompt_wrap test_output vote_outputs_unwrap vote_prompt_wrap
  Variables and usages: DATA_PATH DOTALL Task append base compare_output compare_prompt cot_prompt data enumerate file format groups info input join match model models n_candidates open output path pattern print prompt prompts range readlines score score_output score_outputs score_prompt scores split standard_prompt staticmethod steps stops tasks text vote vote_output vote_outputs vote_prompt vote_results
