File extensions: .txt

File: /CMakeLists.txt

File: /examples/enas_arcs.txt
