File extensions: .py

Python: /sentient_sims/career_descriptions.py
  Variables and usages: career_descriptions

Python: /sentient_sims/interaction_descriptions.py
  Variables and usages: interaction_descriptions num_keys print

Python: /sentient_sims/sim_descriptions.py
  Variables and usages: sim_descriptions

Python: /sentient_sims/trait_descriptions.py
  Variables and usages: trait_descriptions

Python: /sentient_sims/zone_descriptions.py
  Variables and usages: join zone_descriptions

