Summary of path: /readme.md
File extensions: .md

/README.md:
# C++ Programming
## Contents
## Keep These Tips in Mind While Learning Programming
## Computer Science Basics
## Learning Resources
## Problem Solving
## Projects Ideas


