Summary of file(s): *.ipynb
File extensions: .ipynb

Relevant subdirectories:
  scripts: 100%
