No file matched the query. Explore the project by summarizing path=/
