Summary of file(s): *.swift
File extensions: .swift

Relevant subdirectories:
  MusicPlayer: 100%
  MusicPlayerTests: 14%
