# Sentient Sims Mod
## Description
## Contributing
## Testing Locally
## Supporting Interactions from Other Mods
## Opening Issues
