Summary of file(s): *.txt
File extensions: .txt

/keywords.txt:


