File extensions: .txt


File: /data/text/data_100_random_text.txt
