File extensions: .md

# Ribbbon
# Features
# Get involved
# Installation

