File extensions: .ambr .bib .cff .conllu .css .csv .eml .example .html .ipynb .js .json .lock .md .py .rst .toml .txt .xml .yaml .yml

File: /.dockerignore

File: /.flake8

File: /.gitignore

File: /.readthedocs.yaml

File: /CITATION.cff

File: /Dockerfile

File: /LICENSE

# 🦜️🔗 LangChain
## Quick Install
## 🤔 What is this?
## 📖 Documentation
## 🚀 What can this help with?
## 💁 Contributing

File: /poetry.lock

File: /poetry.toml

File: /pyproject.toml


Relevant subdirectories:
  langchain: 100%
  docs: 79%
  tests: 31%
  .github: 0%
  .devcontainer: 0%
