File extensions: .js

Relevant subdirectories:
  docs: 100%
