File extensions: .html

Relevant subdirectories:
  tests: 100%
  docs: 18%
