File extensions: .md

# Database Abstraction Layer Generator
# Installation
# How it works
## Abstraction layer
## Lightweight usage
## Features
# Remarks
## Performance
## Limitations
