File extensions: .py

Python: /scripts/gen_vimdoc.py
  Functions: align_tags clean_lines debug_this delete_lines_below doc_wrap extract_from_xml fail filter_source find_first fmt_doxygen_xml_as_vimhelp fmt_node_as_vimhelp get_child get_text is_blank is_inline iter_children len_lastline len_lastline_withoutindent main max_name msg msg_report para_as_map parse_args render_node self_or_child update_params_map
  Methods: fmt_param_doc has_nonexcluded_params ind
  Variables and usages: ArgumentParser CONFIG DEBUG DEVNULL Doxyfile ELEMENT_NODE ERROR Exception INCLUDE_C_DECL INCLUDE_DEPRECATED INFO KeyError LOG_LEVELS M MIN_DOXYGEN_VERSION MIN_PYTHON_VERSION OrderedDict PIPE Path Popen RuntimeError STDOUT StreamHandler TEXT_NODE TextWrapper ValueError abspath action addHandler add_argument annotation_map annotations append argparse args base base_dir basename break_long_words break_on_hyphens brief_desc c_args c_decl callable check_output child childNodes choices chunks collections communicate compound compoundname cond data debug declname decode dedent default deprecated_fns deprecated_fns_txt deprecated_text desc desc_node description did_prefix difference dirname doc_file doc_list docs doxygen_config doxygen_version encode endswith ensure_nl enumerate environ executable exists exit extension file file_patterns filename filter filter_cmd findall first_section_tag flags fmt_vimhelp fn_map fn_map_full fns_txt format found fstem func func_doc functions_text getAttribute getElementsByTagName getLevelName getLogger group group_parsed groupname groups groupxml help indent indent_only indentation index info initial_indent input isupper items join keep_tmpfiles key_item_tuple keys kind last lastnl level line lines ljust log_level logging lower lua2dox max_name_len member minidom mpack_file msgpack msgs name name_node names nargs newl node nodeName nodeType nvim nvim_out nvim_path nvim_version open out_dir output output_dir packb para param param_exclude param_name param_type params paras parent parse part parts path pathlib prefix preformatted prev print read readlines remove rendered_blocks replace result ret_map return_type returncode rfind rjust rmtree rsplit rstrip script_path section_doc section_docs section_id section_tag sections sectname setLevel shutil signature sorted source_filter split split_lines split_return splitext start startswith stderr stdin stdout strip subprocess subsequent_indent suffix tag_regex tags target targets text text_width textwrap title tokenstr toprettyxml tuple type_length universal_newlines update upper use_bin_type values version_info vimtag width wrap write writelines xmlfile xrefdesc xrefs xrefs_all

Python: /scripts/shadacat.py
  Functions: idfunc mnormalize strtrans_errors
  Classes: CharInt EntryTypes FullEntry
  Methods: __init__ __repr__ filt
  Variables and usages: BufferList Change Enum GlobalMark Header HistoryEntry IndexError Jump LocalMark Missing NotImplementedError OutOfData Register SearchPattern SubString UnicodeDecodeError Unknown Unpacker Variable _filt argv bytes codecs ctable datetime decode entry enum eval file_like fname format fromtimestamp full_entry functools globals isoformat items length max_type msgpack name object open poswidth print read read_size reduce register_error st_size start stat tell time timestamp type unpack unpacker update value

Python: /src/clint.py
  Functions: CheckBraces CheckComment CheckExpressionAlignment CheckForBadCharacters CheckForFunctionLengths CheckForHeaderGuard CheckForMultilineCommentsAndStrings CheckForNonStandardConstructs CheckForOldStyleComments CheckLanguage CheckMemoryFunctions CheckOSFunctions CheckPosixThreading CheckSpacing CheckSpacingForFunctionCall CheckStyle CleanseComments CloseExpression Error FindEndOfExpressionInLine FindNextMatchingAngleBracket FindNextMultiLineCommentEnd FindNextMultiLineCommentStart FindPreviousMatchingAngleBracket FindStartOfExpressionInLine GetExprBracesPosition GetHeaderGuardCPPVariable GetPreviousNonBlankLine IsBlankLine IsCppString IsErrorInSuppressedErrorsList IsErrorSuppressedByNolint Match ParseArguments ParseKnownErrorSuppressions ParseNolintSuppressions PrintCategories PrintUsage ProcessFile ProcessFileData ProcessLine RemoveMultiLineComments RemoveMultiLineCommentsFromRange ResetKnownErrorSuppressions ResetNolintSuppressions ReverseCloseExpression Search _Filters _GetTextInside _OutputFormat _RecordErrorsTo _SetCountingStyle _SetFilters _SetOutputFormat _SetVerboseLevel _ShouldPrintError _SuppressErrorsFrom _VerboseLevel main
  Classes: CleansedLines FileInfo _BlockInfo _CppLintState _FunctionState _NestingState _PreprocessorInfo
  Methods: BaseName Begin Count End Extension FullName IncrementErrorCount NumLines PrintErrorCounts RecordErrorsTo RecordedError RelativePath ResetErrorCounts SeenOpenBrace SetCountingStyle SetFilters SetOutputFormat SetVerboseLevel Split SuppressErrorsFrom Update UpdatePreprocessor _CollapseStrings __init__
  Variables and usages: BRACES CLOSING_BRACES GetoptError I M OSError VERBOSE ValueError _BLOCK_ASM _DEFAULT_FILTERS _END_ASM _ERROR_CATEGORIES _INSIDE_ASM _MATCH_ASM _NORMAL_TRIGGER _NO_ASM _RE_COMMENTLINE _RE_PATTERN_CLEANSE_LINE_C_COMMENTS _RE_PATTERN_CLEANSE_LINE_DOUBLE_QUOTES _RE_PATTERN_CLEANSE_LINE_ESCAPES _RE_PATTERN_CLEANSE_LINE_SINGLE_QUOTES _RE_PATTERN_INCLUDE _RE_PATTERN_TODO _RE_SUPPRESSION _TEST_TRIGGER _USAGE _cpplint_state _error_suppressions _error_suppressions_2 _filename _line_length _regexp_compile_cache _valid_extensions abspath append args argv attrline begin body_found brace carriage_return_found cast_line category check_fn clean_filt clean_lines clear closing_punctuation codecs collections colon comment commentend commentpos commonprefix compile confidence copy count counting counting_style cppvar current_function deepcopy defaultdict define depth depth_change depth_line_starts dirname dump elided elided_with_space_strings end_depth end_linenum end_pos endchar endif endif_linenum endline endlinenum endpos endswith enumerate error error_count error_level errors_by_category exists exit expr extra_check_functions file_extension file_path_from_root fileinfo filename filenames filt filters find firstlinenum fname fncall format fullname func_start func_start_linenum function function_name function_name_groups function_state getopt googlename group ifndef ifndef_linenum ignore_error_levels in_a_function init_lines init_prefix init_suffix initial_spaces inline_asm inner_block is_const is_filtered isalnum isdigit isspace items join joined_line json keep_spaces last_verbose_level leading_whitespace level level_starts line line_ended_with_opening lineix lineix_begin lineix_end linenum lines lines_in_function lines_without_raw_strings linesep linesplit loads lower lstrip match match_result matched matching_punctuation memory_functions memory_ignore_pattern message middle_whitespace multithread_safe_function nesting_stack nesting_state num_lines num_open offset one_filter open open_parentheses opening operator opts os_functions output_format parameter_regexp path pattern position pp_stack prefix prev_line prev_line_start prevbrace prevline prevlinenum printf_args project project_dir punctuation_stack range raw_line raw_lines read record_errors_file reduced_line regexp replace rest rfind root_dir rstrip search search_position seen_else seen_open_brace setdefault single_thread_function skip_next split splitext stack stack_before_else stack_before_if start start_line start_linenum start_pattern start_pos start_position startchar starting_func startpos startswith staticmethod stderr stdin stdin_filename stdout string strip suggested_function suppress_errors_file suppressed_errors text threading_list token tokens trailing_text tuple upper username values verbose_level verbosity vlevel whitespace write yielded_line_start

Python: /contrib/gdb/nvim-gdb-pretty-printers.py
  Functions: get_color_code highlight pretty_printers
  Classes: UGridPrinter
  Methods: __init__ display_hint to_string
  Variables and usages: RegexpCollectionPrettyPrinter SGR0 add_printer append attrs cell color_num cols curhl delimiter do_hl format getenv grid height join object prefix printing range register_pretty_printer replace rows string width

Python: /test/old/testdir/test_makeencoding.py
  Functions: main set_output_encoding
  Methods: convwrite get_text_writer
  Variables and usages: IOError argv bytes decode encoding fileno flush getpreferredencoding kwargs locale message_tbl mode newline open print print_function setdefault stderr stdout unicode_literals version_info write writer

Python: /test/old/testdir/pyxfile/py2_magic.py
  Variables and usages: print version

Python: /test/old/testdir/pyxfile/py2_shebang.py
  Variables and usages: print version

Python: /test/old/testdir/pyxfile/py3_magic.py
  Variables and usages: print version

Python: /test/old/testdir/pyxfile/py3_shebang.py
  Variables and usages: print version

Python: /test/old/testdir/pyxfile/pyx.py
  Variables and usages: print version
