Summary of file(s): *.html
File extensions: .html

Relevant subdirectories:
  app: 100%
