File extensions: .md

# TASO: The Tensor Algebra SuperOptimizer for Deep Learning
## Install TASO
## Use TASO
### Optimize ONNX Models
### Optimize TensorFlow Models
### Optimize PyTorch Models
### Optimize Arbitrary DNN Models using the Python Interface
#Build DNN model
#Optimize DNN model
## Publication

