File extensions: .cc .cmake .cu .h .md .proto .pxd .py .pyx .txt

File: /CMakeLists.txt

# TASO Installation
## Install from Source
### Prerequisties
### Build TASO Runtime
## Docker Images

File: /LICENSE

# TASO: The Tensor Algebra SuperOptimizer for Deep Learning
## Install TASO
## Use TASO
### Optimize ONNX Models
### Optimize TensorFlow Models
### Optimize PyTorch Models
### Optimize Arbitrary DNN Models using the Python Interface
#Build DNN model
#Optimize DNN model
## Publication

File: /config.cmake


Relevant subdirectories:
  src: 100%
  python: 18%
  include: 18%
  verify: 14%
  examples: 8%
  tensorflow_py: 5%
  cpp_examples: 3%
  cmake: 0%
  docker: 0%
