Summary of path: /readme.md
File extensions: .md

/README.md:
# Game of Life


