Java: /GameOfLife.java
  Classes: Evolution GameOfLife PauseListener RestartListener Universe UniversePanel
  Methods: actionPerformed actionPerformed create evolve getSize main paintComponent print setGenerations setSize
  Usages: BorderFactory BorderFactory BorderFactory Thread Thread add add add add add add add addActionListener addActionListener alive aliveLabel aliveLabel aliveLabel aliveLabel controlPanel controlPanel controlPanel controlPanel controlPanel create createEtchedBorder createEtchedBorder createLineBorder drawLine drawLine evolution evolution evolve fillRect generationLabel generationLabel generationLabel generationLabel generations getSize getSize getSize getSize getSize getSize getSize getSize getSize getSize getSize infoPanel infoPanel infoPanel infoPanel infoPanel infoPanel inheritIO neighbours neighbours neighbours neighbours neighbours neighbours neighbours neighbours nextBoolean paintComponent pauseButton pauseButton print print print printStackTrace println println println println println repaint restart restartButton restartButton setBorder setBorder setBorder setBounds setBounds setBounds setBounds setBounds setDefaultCloseOperation setGenerations setLayout setLayout setLayout setLocationRelativeTo setName setName setName setName setSize setSize setText setText setText setText setText setVisible size sleep sleep start universe universe universe universe universe universe universe universe universe universe universe universe universePanel waitFor
